// Jest Snapshot v1, https://goo.gl/fbAQLP

exports[`LanguageSwitcher matches snapshot 1`] = `
<DocumentFragment>
  <button
    class="MuiButtonBase-root MuiButton-root makeStyles-languageSwitcher-23 MuiButton-text"
    tabindex="0"
    type="button"
  >
    <span
      class="MuiButton-label makeStyles-label-24"
    >
      en
    </span>
    <span
      class="MuiTouchRipple-root"
    />
  </button>
</DocumentFragment>
`;
