// Jest Snapshot v1, https://goo.gl/fbAQLP

exports[`movie dropdown matches snapshot 1`] = `
<DocumentFragment>
  <div
    class="makeStyles-trackContainer-1"
  >
    <div
      class="makeStyles-track-2"
    >
      <div
        aria-valuemax="20"
        aria-valuemin="1"
        aria-valuenow="1"
        class="makeStyles-thumb-3"
        draggable="false"
        role="slider"
        style="position: absolute; z-index: 0; cursor: grab; user-select: none; transform: translate(NaNpx, NaNpx);"
        tabindex="0"
      >
        <div
          class="makeStyles-thumbSquare-4"
          style="background-color: rgb(204, 204, 204);"
        />
      </div>
    </div>
  </div>
  <p
    class="MuiTypography-root makeStyles-label-5 MuiTypography-body1"
  >
    production year
  </p>
</DocumentFragment>
`;
