// Jest Snapshot v1, https://goo.gl/fbAQLP

exports[`Search page matches snapshot 1`] = `
<DocumentFragment>
  <section
    class="makeStyles-container-13"
  >
    <div
      class="makeStyles-center-16"
    >
      <select
        data-testid="selectGenres"
      />
      <select
        data-testid="selectCountry"
      >
        <option
          value="AT"
        >
          austria
        </option>
        <option
          value="BE"
        >
          belgium
        </option>
        <option
          value="CA"
        >
          сanada
        </option>
        <option
          value="CN"
        >
          сhina
        </option>
        <option
          value="DK"
        >
          denmark
        </option>
        <option
          value="FR"
        >
          france
        </option>
        <option
          value="DE"
        >
          germany
        </option>
        <option
          value="HK"
        >
          hongKong
        </option>
        <option
          value="IE"
        >
          ireland
        </option>
        <option
          value="IT"
        >
          italy
        </option>
        <option
          value="JP"
        >
          japan
        </option>
        <option
          value="KR"
        >
          koreaSouth
        </option>
        <option
          value="MX"
        >
          mexico
        </option>
        <option
          value="RU"
        >
          russia
        </option>
        <option
          value="ES"
        >
          spain
        </option>
        <option
          value="SE"
        >
          sweden
        </option>
        <option
          value="GB"
        >
          unitedKingdom
        </option>
        <option
          value="US"
        >
          usa
        </option>
      </select>
    </div>
    <div
      class="makeStyles-year-17"
    />
    <button
      class="MuiButtonBase-root MuiButton-root MuiButton-text makeStyles-button-15"
      data-testid="buttonFind"
      tabindex="0"
      type="button"
    >
      <span
        class="MuiButton-label"
      >
        find
      </span>
      <span
        class="MuiTouchRipple-root"
      />
    </button>
  </section>
</DocumentFragment>
`;
